Flow report for FullAdder
Tue Oct  6 09:41:28 2026
Quartus Prime Version 25.1std.0 Build 1129 10/21/2025 SC Standard Edition


---------------------
; Table of Contents ;
---------------------
  1. Legal Notice
  2. Flow Summary
  3. Flow Settings
  4. Flow Non-Default Global Settings
  5. Flow Elapsed Time
  6. Flow OS Summary
  7. Flow Log
  8. Flow Messages
  9. Flow Suppressed Messages



----------------
; Legal Notice ;
----------------
Copyright (C) 2025  Altera Corporation. All rights reserved.
Your use of Altera Corporation's design tools, logic functions 
and other software and tools, and any partner logic 
functions, and any output files from any of the foregoing 
(including device programming or simulation files), and any 
associated documentation or information are expressly subject 
to the terms and conditions of the Altera Program License 
Subscription Agreement, the Altera Quartus Prime License Agreement,
the Altera IP License Agreement, or other applicable license
agreement, including, without limitation, that your use is for
the sole purpose of programming logic devices manufactured by
Altera and sold by Altera or its authorized distributors.  Please
refer to the Altera Software License Subscription Agreements 
on the Quartus Prime software download page.



+------------------------------------------------------------------------------------------+
; Flow Summary                                                                             ;
+------------------------------------+-----------------------------------------------------+
; Flow Status                        ; Successful - Tue Oct  6 09:41:28 2026               ;
; Quartus Prime Version              ; 25.1std.0 Build 1129 10/21/2025 SC Standard Edition ;
; Revision Name                      ; FullAdder                                           ;
; Top-level Entity Name              ; FullAdder                                           ;
; Family                             ; MAX 10                                              ;
; Device                             ; 10M50DAF484C6GES                                    ;
; Timing Models                      ; Preliminary                                         ;
; Total logic elements               ; 3 / 49,760 ( < 1 % )                                ;
;     Total combinational functions  ; 3 / 49,760 ( < 1 % )                                ;
;     Dedicated logic registers      ; 0 / 49,760 ( 0 % )                                  ;
; Total registers                    ; 0                                                   ;
; Total pins                         ; 5 / 360 ( 1 % )                                     ;
; Total virtual pins                 ; 0                                                   ;
; Total memory bits                  ; 0 / 1,677,312 ( 0 % )                               ;
; Embedded Multiplier 9-bit elements ; 0 / 288 ( 0 % )                                     ;
; Total PLLs                         ; 0 / 4 ( 0 % )                                       ;
; UFM blocks                         ; 0 / 1 ( 0 % )                                       ;
; ADC blocks                         ; 0 / 2 ( 0 % )                                       ;
+------------------------------------+-----------------------------------------------------+


+-----------------------------------------+
; Flow Settings                           ;
+-------------------+---------------------+
; Option            ; Setting             ;
+-------------------+---------------------+
; Start date & time ; 10/06/2026 09:40:49 ;
; Main task         ; Compilation         ;
; Revision Name     ; FullAdder           ;
+-------------------+---------------------+


+-------------------------------------------------------------------------------------------------------------------------------------------------+
; Flow Non-Default Global Settings                                                                                                                ;
+-------------------------------------+----------------------------------------+---------------+--------------+-----------------------------------+
; Assignment Name                     ; Value                                  ; Default Value ; Entity Name  ; Section Id                        ;
+-------------------------------------+----------------------------------------+---------------+--------------+-----------------------------------+
; COMPILER_SIGNATURE_ID               ; 75830321332086.179130484918616         ; --            ; --           ; --                                ;
; EDA_GENERATE_FUNCTIONAL_NETLIST     ; Off                                    ; --            ; --           ; eda_board_design_timing           ;
; EDA_GENERATE_FUNCTIONAL_NETLIST     ; Off                                    ; --            ; --           ; eda_board_design_boundary_scan    ;
; EDA_GENERATE_FUNCTIONAL_NETLIST     ; Off                                    ; --            ; --           ; eda_board_design_signal_integrity ;
; EDA_GENERATE_FUNCTIONAL_NETLIST     ; Off                                    ; --            ; --           ; eda_board_design_symbol           ;
; EDA_OUTPUT_DATA_FORMAT              ; Verilog Hdl                            ; --            ; --           ; eda_simulation                    ;
; EDA_SIMULATION_TOOL                 ; Questa Altera FPGA (Verilog)           ; <None>        ; --           ; --                                ;
; EDA_TIME_SCALE                      ; 1 ps                                   ; --            ; --           ; eda_simulation                    ;
; PARTITION_COLOR                     ; -- (Not supported for targeted family) ; --            ; DE10_Lite    ; Top                               ;
; PARTITION_COLOR                     ; -- (Not supported for targeted family) ; --            ; DE10_generic ; Top                               ;
; PARTITION_COLOR                     ; -- (Not supported for targeted family) ; --            ; --           ; Top                               ;
; PARTITION_FITTER_PRESERVATION_LEVEL ; -- (Not supported for targeted family) ; --            ; DE10_Lite    ; Top                               ;
; PARTITION_FITTER_PRESERVATION_LEVEL ; -- (Not supported for targeted family) ; --            ; DE10_generic ; Top                               ;
; PARTITION_FITTER_PRESERVATION_LEVEL ; -- (Not supported for targeted family) ; --            ; --           ; Top                               ;
; PARTITION_NETLIST_TYPE              ; -- (Not supported for targeted family) ; --            ; DE10_Lite    ; Top                               ;
; PARTITION_NETLIST_TYPE              ; -- (Not supported for targeted family) ; --            ; DE10_generic ; Top                               ;
; PARTITION_NETLIST_TYPE              ; -- (Not supported for targeted family) ; --            ; --           ; Top                               ;
; PROJECT_OUTPUT_DIRECTORY            ; output_files                           ; --            ; --           ; --                                ;
+-------------------------------------+----------------------------------------+---------------+--------------+-----------------------------------+


+--------------------------------------------------------------------------------------------------------------------------+
; Flow Elapsed Time                                                                                                        ;
+----------------------+--------------+-------------------------+---------------------+------------------------------------+
; Module Name          ; Elapsed Time ; Average Processors Used ; Peak Virtual Memory ; Total CPU Time (on all processors) ;
+----------------------+--------------+-------------------------+---------------------+------------------------------------+
; Analysis & Synthesis ; 00:00:15     ; 1.0                     ; 4807 MB             ; 00:00:32                           ;
; Fitter               ; 00:00:10     ; 1.0                     ; 6327 MB             ; 00:00:12                           ;
; Assembler            ; 00:00:04     ; 1.0                     ; 4834 MB             ; 00:00:04                           ;
; Timing Analyzer      ; 00:00:04     ; 1.0                     ; 4932 MB             ; 00:00:03                           ;
; EDA Netlist Writer   ; 00:00:01     ; 1.0                     ; 4681 MB             ; 00:00:01                           ;
; Total                ; 00:00:34     ; --                      ; --                  ; 00:00:52                           ;
+----------------------+--------------+-------------------------+---------------------+------------------------------------+


+------------------------------------------------------------------------------------+
; Flow OS Summary                                                                    ;
+----------------------+------------------+------------+------------+----------------+
; Module Name          ; Machine Hostname ; OS Name    ; OS Version ; Processor type ;
+----------------------+------------------+------------+------------+----------------+
; Analysis & Synthesis ; YAEL-LAPTOP      ; Windows 10 ; 10.0       ; x86_64         ;
; Fitter               ; YAEL-LAPTOP      ; Windows 10 ; 10.0       ; x86_64         ;
; Assembler            ; YAEL-LAPTOP      ; Windows 10 ; 10.0       ; x86_64         ;
; Timing Analyzer      ; YAEL-LAPTOP      ; Windows 10 ; 10.0       ; x86_64         ;
; EDA Netlist Writer   ; YAEL-LAPTOP      ; Windows 10 ; 10.0       ; x86_64         ;
+----------------------+------------------+------------+------------+----------------+


------------
; Flow Log ;
------------
quartus_map --read_settings_files=on --write_settings_files=off FullAdder -c FullAdder
quartus_fit --read_settings_files=off --write_settings_files=off FullAdder -c FullAdder
quartus_asm --read_settings_files=off --write_settings_files=off FullAdder -c FullAdder
quartus_sta FullAdder -c FullAdder
quartus_eda --read_settings_files=off --write_settings_files=off FullAdder -c FullAdder



